// Jest Snapshot v1, https://goo.gl/fbAQLP

exports[`Display category element 1`] = `
<div
  className="container"
>
  <div
    className="header flexColumn"
  >
    <div
      className="infoContainer"
    >
      <h2
        className="lato"
      >
        SPAIN
      </h2>
      <span
        className="lato"
      >
        0
      </span>
    </div>
  </div>
  <div
    className="byRegion lato"
  >
    <span>
      STATS BY REGION
    </span>
  </div>
  <div
    className="cardsContainer"
  >
    <div
      className="empty"
    />
  </div>
</div>
`;
